{
  "version": "1.5.0",
  "plugins_used": [
    {
      "name": "ArtifactoryDetector"
    },
    {
      "name": "AWSKeyDetector"
    },
    {
      "name": "AzureStorageKeyDetector"
    },
    {
      "name": "Base64HighEntropyString",
      "limit": 4.5
    },
    {
      "name": "BasicAuthDetector"
    },
    {
      "name": "CloudantDetector"
    },
    {
      "name": "DiscordBotTokenDetector"
    },
    {
      "name": "GitHubTokenDetector"
    },
    {
      "name": "GitLabTokenDetector"
    },
    {
      "name": "HexHighEntropyString",
      "limit": 3.0
    },
    {
      "name": "IbmCloudIamDetector"
    },
    {
      "name": "IbmCosHmacDetector"
    },
    {
      "name": "IPPublicDetector"
    },
    {
      "name": "JwtTokenDetector"
    },
    {
      "name": "KeywordDetector",
      "keyword_exclude": ""
    },
    {
      "name": "MailchimpDetector"
    },
    {
      "name": "NpmDetector"
    },
    {
      "name": "OpenAIDetector"
    },
    {
      "name": "PrivateKeyDetector"
    },
    {
      "name": "PypiTokenDetector"
    },
    {
      "name": "SendGridDetector"
    },
    {
      "name": "SlackDetector"
    },
    {
      "name": "SoftlayerDetector"
    },
    {
      "name": "SquareOAuthDetector"
    },
    {
      "name": "StripeDetector"
    },
    {
      "name": "TelegramBotTokenDetector"
    },
    {
      "name": "TwilioKeyDetector"
    }
  ],
  "filters_used": [
    {
      "path": "detect_secrets.filters.allowlist.is_line_allowlisted"
    },
    {
      "path": "detect_secrets.filters.common.is_baseline_file",
      "filename": ".secrets.baseline"
    },
    {
      "path": "detect_secrets.filters.common.is_ignored_due_to_verification_policies",
      "min_level": 2
    },
    {
      "path": "detect_secrets.filters.heuristic.is_indirect_reference"
    },
    {
      "path": "detect_secrets.filters.heuristic.is_likely_id_string"
    },
    {
      "path": "detect_secrets.filters.heuristic.is_lock_file"
    },
    {
      "path": "detect_secrets.filters.heuristic.is_not_alphanumeric_string"
    },
    {
      "path": "detect_secrets.filters.heuristic.is_potential_uuid"
    },
    {
      "path": "detect_secrets.filters.heuristic.is_prefixed_with_dollar_sign"
    },
    {
      "path": "detect_secrets.filters.heuristic.is_sequential_string"
    },
    {
      "path": "detect_secrets.filters.heuristic.is_swagger_file"
    },
    {
      "path": "detect_secrets.filters.heuristic.is_templated_secret"
    },
    {
      "path": "detect_secrets.filters.regex.should_exclude_file",
      "pattern": [
        "(^|[\\\\/])(node_modules|out|dist|coverage|\\.git)([\\\\/]|$)|^\\.secrets\\.baseline$"
      ]
    }
  ],
  "results": {
    "apps\\electron\\electron\\main\\services\\__tests__\\transcription.test.ts": [
      {
        "type": "Secret Keyword",
        "filename": "apps\\electron\\electron\\main\\services\\__tests__\\transcription.test.ts",
        "hashed_secret": "2e7a7ee14caebf378fc32d6cf6f557f347c96773",
        "is_verified": false,
        "line_number": 108
      }
    ],
    "apps\\electron\\src\\pages\\__tests__\\Settings.test.tsx": [
      {
        "type": "Secret Keyword",
        "filename": "apps\\electron\\src\\pages\\__tests__\\Settings.test.tsx",
        "hashed_secret": "0cc1de4da93649d9642c9541a4677d8527964607",
        "is_verified": false,
        "line_number": 36
      }
    ],
    "packages\\ai-providers\\tests\\complete.test.ts": [
      {
        "type": "Secret Keyword",
        "filename": "packages\\ai-providers\\tests\\complete.test.ts",
        "hashed_secret": "3acfb2c2b433c0ea7ff107e33df91b18e52f960f",
        "is_verified": false,
        "line_number": 24
      }
    ],
    "packages\\ai-providers\\tests\\embed.test.ts": [
      {
        "type": "Secret Keyword",
        "filename": "packages\\ai-providers\\tests\\embed.test.ts",
        "hashed_secret": "86a4e90f83e24027b6a8daa7a4afc519c3523509",
        "is_verified": false,
        "line_number": 58
      },
      {
        "type": "Secret Keyword",
        "filename": "packages\\ai-providers\\tests\\embed.test.ts",
        "hashed_secret": "c9c8fc8da3b409d6daf71f1bce506c3b9db9d5fa",
        "is_verified": false,
        "line_number": 65
      },
      {
        "type": "Secret Keyword",
        "filename": "packages\\ai-providers\\tests\\embed.test.ts",
        "hashed_secret": "eeb00ce47aa4d1cea63d98f6a3d0efd8c27f6b8c",
        "is_verified": false,
        "line_number": 81
      },
      {
        "type": "Secret Keyword",
        "filename": "packages\\ai-providers\\tests\\embed.test.ts",
        "hashed_secret": "5d65972d392f3c99a2140b18c65d6134ab820ecf",
        "is_verified": false,
        "line_number": 88
      },
      {
        "type": "Secret Keyword",
        "filename": "packages\\ai-providers\\tests\\embed.test.ts",
        "hashed_secret": "a022de4a00e7998ae897308ffaaf884fabb9ee1f",
        "is_verified": false,
        "line_number": 104
      }
    ],
    "packages\\ai-providers\\tests\\provider-factory.test.ts": [
      {
        "type": "Secret Keyword",
        "filename": "packages\\ai-providers\\tests\\provider-factory.test.ts",
        "hashed_secret": "3acfb2c2b433c0ea7ff107e33df91b18e52f960f",
        "is_verified": false,
        "line_number": 35
      }
    ],
    "packages\\ai-providers\\tests\\providers.test.ts": [
      {
        "type": "Secret Keyword",
        "filename": "packages\\ai-providers\\tests\\providers.test.ts",
        "hashed_secret": "26fbfecceff24524ee2806528115fd9d34aa67a6",
        "is_verified": false,
        "line_number": 51
      },
      {
        "type": "Secret Keyword",
        "filename": "packages\\ai-providers\\tests\\providers.test.ts",
        "hashed_secret": "562d328f4fa87c050f9ae17350f5ee834b278ffb",
        "is_verified": false,
        "line_number": 63
      },
      {
        "type": "Secret Keyword",
        "filename": "packages\\ai-providers\\tests\\providers.test.ts",
        "hashed_secret": "781aa1771109954c6ee1ed3c624d4127dcec3c1b",
        "is_verified": false,
        "line_number": 75
      }
    ],
    "packages\\transcription\\tests\\engines.test.ts": [
      {
        "type": "Secret Keyword",
        "filename": "packages\\transcription\\tests\\engines.test.ts",
        "hashed_secret": "3acfb2c2b433c0ea7ff107e33df91b18e52f960f",
        "is_verified": false,
        "line_number": 183
      },
      {
        "type": "Secret Keyword",
        "filename": "packages\\transcription\\tests\\engines.test.ts",
        "hashed_secret": "48854c46907b8f99e4c4c711f3fb7336a93bc290",
        "is_verified": false,
        "line_number": 297
      }
    ]
  },
  "generated_at": "2026-09-23T02:22:25Z"
}
